PubkeyHashAddress(mjTkW3DjgyZck4KbiRusZsqTgaYTxdSz6z)
Pay to pubkey hash
109
Block(tx_count=5, height=116, header_hash=4f6d0d9f624f9a12f584140ac728c36be1b10935279e41bc4a2f87eca5fbdcdd, version=536870912, timestamp=1535764200, bits=545259519, nonce=1)
0
4294967295
TxOut(spending_tx_index=127, address=PubkeyHashAddress(mjTkW3DjgyZck4KbiRusZsqTgaYTxdSz6z), value=5000000000)
Tx(len(txins)=0, len(txouts)=2, size_bytes=144, block_height=7, tx_index=7)
7
Tx(len(txins)=1, len(txouts)=2, size_bytes=223, block_height=116, tx_index=127)
127
5000000000
