ScriptHashAddress(2Mshjw3i5VcfqCm6FaJLxLSdSQhShKJYk6d, wrapped_address=unknown)
Pay to script hash
Block(tx_count=2, height=114, header_hash=6d94a93561acd2e5c3b5f845ff7d2b57a5829b73a603f831e313ffc49cde2a43, version=536870912, timestamp=1535763000, bits=545259519, nonce=0)
0
False
None
None
None
Tx(len(txins)=1, len(txouts)=2, size_bytes=223, block_height=114, tx_index=122)
122
100000000
PubkeyHashAddress(mjTkW3DjgyZck4KbiRusZsqTgaYTxdSz6z)
Pay to pubkey hash
Block(tx_count=2, height=114, header_hash=6d94a93561acd2e5c3b5f845ff7d2b57a5829b73a603f831e313ffc49cde2a43, version=536870912, timestamp=1535763000, bits=545259519, nonce=0)
1
False
None
None
None
Tx(len(txins)=1, len(txouts)=2, size_bytes=223, block_height=114, tx_index=122)
122
4899990000
