PubkeyHashAddress(mjTkW3DjgyZck4KbiRusZsqTgaYTxdSz6z)
Pay to pubkey hash
110
Block(tx_count=3, height=112, header_hash=1ad8c12f3af5a7513ea309328dfb68c1e8bb8393c100db6799a02e0b3e5538bc, version=536870912, timestamp=1535761800, bits=545259519, nonce=0)
0
4294967295
TxOut(spending_tx_index=115, address=PubkeyHashAddress(mjTkW3DjgyZck4KbiRusZsqTgaYTxdSz6z), value=5000000000)
Tx(len(txins)=0, len(txouts)=1, size_bytes=100, block_height=2, tx_index=2)
2
Tx(len(txins)=1, len(txouts)=2, size_bytes=225, block_height=112, tx_index=115)
115
5000000000
