PubkeyHashAddress(mjTkW3DjgyZck4KbiRusZsqTgaYTxdSz6z)
Pay to pubkey hash
109
Block(tx_count=5, height=116, header_hash=264640be92a8da1116887c8993d5f7a266d013e7830fabba5a8fd8a4c554fd4b, version=536870912, timestamp=1535764200, bits=545259519, nonce=0)
0
4294967295
TxOut(spending_tx_index=128, address=PubkeyHashAddress(mjTkW3DjgyZck4KbiRusZsqTgaYTxdSz6z), value=5000000000)
Tx(len(txins)=0, len(txouts)=1, size_bytes=100, block_height=7, tx_index=7)
7
Tx(len(txins)=1, len(txouts)=2, size_bytes=223, block_height=116, tx_index=128)
128
5000000000
