[PubkeyHashAddress(mrPRMELJcGsbKmuFiGwUgNCX9Wo4iSy44T)]
[ScriptHashAddress(2N1otuhuzEiwReoLqqrJKTk67A2aW5ZXXDW)]
[PubkeyHashAddress(mkZ9Np6JVYyHC35zEdfUXdM6rwrMKPpTZa)]
[PubkeyHashAddress(msexSMRCUhqikgCA5FjA1DjMXyv4BWhSbb)]
[PubkeyHashAddress(muJKkgEiFx6Ws5vcRRtNyaSM96D95X8kRj)]
[PubkeyHashAddress(mo9cbu8M5YhhLRNMn65tbdrn124uNQDxsL)]
[PubkeyHashAddress(muPiDgt2BB8omxzFTVEpATbKU5cpUPo6tr), PubkeyHashAddress(mokMSp4xbaU7rvpZAZyxmonZWQoFnEiPny), PubkeyHashAddress(mhULRhVhUKD23jbao92nUE97DDDFkCVpec)]
[PubkeyHashAddress(muPiDgt2BB8omxzFTVEpATbKU5cpUPo6tr), PubkeyHashAddress(mokMSp4xbaU7rvpZAZyxmonZWQoFnEiPny), PubkeyHashAddress(mhULRhVhUKD23jbao92nUE97DDDFkCVpec)]
