PubkeyHashAddress(mk7GYZDvnyyTyi2anTr5w5sTqW3r18WQWb)
Pay to pubkey hash
Block(tx_count=5, height=113, header_hash=73e77949a7f1289aa18a4bc099db4c377f7f812e19b06d1993b3dd6eb4e94576, version=536870912, timestamp=1535762400, bits=545259519, nonce=1)
0
True
TxIn(spent_tx_index=117, address=PubkeyHashAddress(mk7GYZDvnyyTyi2anTr5w5sTqW3r18WQWb), value=100000000)
Tx(len(txins)=1, len(txouts)=1, size_bytes=192, block_height=113, tx_index=118)
118
Tx(len(txins)=1, len(txouts)=2, size_bytes=226, block_height=113, tx_index=117)
117
100000000
PubkeyHashAddress(mjTkW3DjgyZck4KbiRusZsqTgaYTxdSz6z)
Pay to pubkey hash
Block(tx_count=5, height=113, header_hash=73e77949a7f1289aa18a4bc099db4c377f7f812e19b06d1993b3dd6eb4e94576, version=536870912, timestamp=1535762400, bits=545259519, nonce=1)
1
False
None
None
None
Tx(len(txins)=1, len(txouts)=2, size_bytes=226, block_height=113, tx_index=117)
117
4899990000
