ScriptHashAddress(QM4W44aKWiivLwrJCQNyR94sZ5tXEFtUAU, wrapped_address=unknown)
Pay to script hash
Block(tx_count=2, height=114, header_hash=3b34123f8de51d1d585c157ab811db5abe1f052ad848a51d756cfa13c90cec40, version=536870912, timestamp=1535763000, bits=545259519, nonce=0)
0
False
None
None
None
Tx(len(txins)=1, len(txouts)=2, size_bytes=223, block_height=114, tx_index=122)
122
100000000
PubkeyHashAddress(mjTkW3DjgyZck4KbiRusZsqTgaYTxdSz6z)
Pay to pubkey hash
Block(tx_count=2, height=114, header_hash=3b34123f8de51d1d585c157ab811db5abe1f052ad848a51d756cfa13c90cec40, version=536870912, timestamp=1535763000, bits=545259519, nonce=0)
1
False
None
None
None
Tx(len(txins)=1, len(txouts)=2, size_bytes=223, block_height=114, tx_index=122)
122
4899990000
