PubkeyHashAddress(mk7GYZDvnyyTyi2anTr5w5sTqW3r18WQWb)
Pay to pubkey hash
Block(tx_count=5, height=113, header_hash=121d93886d8ec313c13465d4cb9421fbf63deea028c0e14315a4120c74750f19, version=536870912, timestamp=1535762400, bits=545259519, nonce=4)
0
True
TxIn(spent_tx_index=118, address=PubkeyHashAddress(mk7GYZDvnyyTyi2anTr5w5sTqW3r18WQWb), value=100000000)
Tx(len(txins)=1, len(txouts)=1, size_bytes=191, block_height=113, tx_index=119)
119
Tx(len(txins)=1, len(txouts)=2, size_bytes=226, block_height=113, tx_index=118)
118
100000000
PubkeyHashAddress(mjTkW3DjgyZck4KbiRusZsqTgaYTxdSz6z)
Pay to pubkey hash
Block(tx_count=5, height=113, header_hash=121d93886d8ec313c13465d4cb9421fbf63deea028c0e14315a4120c74750f19, version=536870912, timestamp=1535762400, bits=545259519, nonce=4)
1
False
None
None
None
Tx(len(txins)=1, len(txouts)=2, size_bytes=226, block_height=113, tx_index=118)
118
4899990000
